2025-10-29 10:39:15,985 [INFO] S&P 500: 开始二次尝试获取首轮失败的个股，共 22 只 ...
2025-10-29 10:40:20,368 [INFO] S&P 500: 二次尝试恢复 —— 旧日 21 / 新日 21
2025-10-29 10:40:20,387 [INFO] S&P 500: 个股明细（收盘价/股本/市值）已保存：output\raw_data\per_ticker_details_S&P 500_2025-10-13_vs_2025-10-26.csv（503 行）
2025-10-29 10:40:20,390 [INFO] S&P 500: 未获取到价格/股本的股票清单已保存：output\raw_data\missing_S&P 500_2025-10-13_vs_2025-10-26.csv（22 只）
2025-10-29 10:40:20,391 [INFO] S&P 500: 缺失(旧日)1 / 缺失(新日)1
2025-10-29 10:57:59,051 [INFO] HS300: 开始二次尝试获取首轮失败的个股，共 26 只 ...
2025-10-29 10:59:18,968 [INFO] HS300: 二次尝试恢复 —— 旧日 22 / 新日 23
2025-10-29 10:59:18,974 [INFO] HS300: 个股明细（收盘价/股本/市值）已保存：output\raw_data\per_ticker_details_HS300_2025-10-13_vs_2025-10-26.csv（300 行）
2025-10-29 10:59:18,977 [INFO] HS300: 未获取到价格/股本的股票清单已保存：output\raw_data\missing_HS300_2025-10-13_vs_2025-10-26.csv（26 只）
2025-10-29 10:59:18,978 [INFO] HS300: 缺失(旧日)0 / 缺失(新日)0
2025-10-29 11:04:00,863 [INFO] HSI: 开始二次尝试获取首轮失败的个股，共 3 只 ...
2025-10-29 11:04:13,182 [INFO] HSI: 二次尝试恢复 —— 旧日 2 / 新日 2
2025-10-29 11:04:13,186 [INFO] HSI: 个股明细（收盘价/股本/市值）已保存：output\raw_data\per_ticker_details_HSI_2025-10-13_vs_2025-10-26.csv（88 行）
2025-10-29 11:04:13,188 [INFO] HSI: 未获取到价格/股本的股票清单已保存：output\raw_data\missing_HSI_2025-10-13_vs_2025-10-26.csv（3 只）
2025-10-29 11:04:13,189 [INFO] HSI: 缺失(旧日)0 / 缺失(新日)0
2025-11-09 15:16:20,597 [INFO] S&P 500: 开始二次尝试获取首轮失败的个股，共 9 只 ...
2025-11-09 15:16:40,681 [INFO] S&P 500: 二次尝试恢复 —— 旧日 7 / 新日 7
2025-11-09 15:16:40,687 [INFO] S&P 500: 个股明细（收盘价/股本/市值）已保存：output\raw_data\per_ticker_details_S&P 500_2025-10-27_vs_2025-11-09.csv（503 行）
2025-11-09 15:16:40,689 [INFO] S&P 500: 未获取到价格/股本的股票清单已保存：output\raw_data\missing_S&P 500_2025-10-27_vs_2025-11-09.csv（9 只）
2025-11-09 15:16:40,690 [INFO] S&P 500: 缺失(旧日)1 / 缺失(新日)1
2025-11-09 15:25:46,721 [INFO] HS300: 个股明细（收盘价/股本/市值）已保存：output\raw_data\per_ticker_details_HS300_2025-10-27_vs_2025-11-09.csv（300 行）
2025-11-09 15:25:46,722 [INFO] HS300: 缺失(旧日)0 / 缺失(新日)0
2025-11-09 15:28:55,453 [INFO] HSI: 开始二次尝试获取首轮失败的个股，共 6 只 ...
2025-11-09 15:29:07,604 [INFO] HSI: 二次尝试恢复 —— 旧日 4 / 新日 5
2025-11-09 15:29:07,609 [INFO] HSI: 个股明细（收盘价/股本/市值）已保存：output\raw_data\per_ticker_details_HSI_2025-10-27_vs_2025-11-09.csv（88 行）
2025-11-09 15:29:07,612 [INFO] HSI: 未获取到价格/股本的股票清单已保存：output\raw_data\missing_HSI_2025-10-27_vs_2025-11-09.csv（6 只）
2025-11-09 15:29:07,613 [INFO] HSI: 缺失(旧日)0 / 缺失(新日)0
2025-11-26 16:50:16,807 [INFO] S&P 500: 开始二次尝试获取首轮失败的个股，共 5 只 ...
2025-11-26 16:50:28,459 [INFO] S&P 500: 二次尝试恢复 —— 旧日 3 / 新日 3
2025-11-26 16:50:28,474 [INFO] S&P 500: 个股明细（收盘价/股本/市值）已保存：output\raw_data\per_ticker_details_S&P 500_2025-11-09_vs_2025-11-22.csv（503 行）
2025-11-26 16:50:28,476 [INFO] S&P 500: 未获取到价格/股本的股票清单已保存：output\raw_data\missing_S&P 500_2025-11-09_vs_2025-11-22.csv（5 只）
2025-11-26 16:50:28,476 [INFO] S&P 500: 缺失(旧日)1 / 缺失(新日)1
2025-11-26 16:57:57,671 [INFO] HS300: 开始二次尝试获取首轮失败的个股，共 1 只 ...
2025-11-26 16:58:01,222 [INFO] HS300: 二次尝试恢复 —— 旧日 1 / 新日 1
2025-11-26 16:58:01,226 [INFO] HS300: 个股明细（收盘价/股本/市值）已保存：output\raw_data\per_ticker_details_HS300_2025-11-09_vs_2025-11-22.csv（300 行）
2025-11-26 16:58:01,237 [INFO] HS300: 未获取到价格/股本的股票清单已保存：output\raw_data\missing_HS300_2025-11-09_vs_2025-11-22.csv（1 只）
2025-11-26 16:58:01,238 [INFO] HS300: 缺失(旧日)0 / 缺失(新日)0
2025-11-26 17:00:17,599 [INFO] HSI: 开始二次尝试获取首轮失败的个股，共 2 只 ...
2025-11-26 17:00:21,779 [INFO] HSI: 二次尝试恢复 —— 旧日 0 / 新日 1
2025-11-26 17:00:21,781 [INFO] HSI: 个股明细（收盘价/股本/市值）已保存：output\raw_data\per_ticker_details_HSI_2025-11-09_vs_2025-11-22.csv（88 行）
2025-11-26 17:00:21,783 [INFO] HSI: 未获取到价格/股本的股票清单已保存：output\raw_data\missing_HSI_2025-11-09_vs_2025-11-22.csv（2 只）
2025-11-26 17:00:21,783 [INFO] HSI: 缺失(旧日)0 / 缺失(新日)1
2025-12-07 01:42:28,429 [INFO] S&P 500: 开始二次尝试获取首轮失败的个股，共 8 只 ...
2025-12-07 01:42:46,615 [INFO] S&P 500: 二次尝试恢复 —— 旧日 4 / 新日 4
2025-12-07 01:42:46,638 [INFO] S&P 500: 个股明细（收盘价/股本/市值）已保存：output\raw_data\per_ticker_details_S&P 500_2025-11-24_vs_2025-12-07.csv（503 行）
2025-12-07 01:42:46,640 [INFO] S&P 500: 未获取到价格/股本的股票清单已保存：output\raw_data\missing_S&P 500_2025-11-24_vs_2025-12-07.csv（8 只）
2025-12-07 01:42:46,641 [INFO] S&P 500: 缺失(旧日)1 / 缺失(新日)2
2025-12-07 01:53:35,304 [INFO] HS300: 个股明细（收盘价/股本/市值）已保存：output\raw_data\per_ticker_details_HS300_2025-11-24_vs_2025-12-07.csv（300 行）
2025-12-07 01:53:35,305 [INFO] HS300: 缺失(旧日)0 / 缺失(新日)0
2025-12-07 01:57:01,194 [INFO] HSI: 开始二次尝试获取首轮失败的个股，共 4 只 ...
2025-12-07 01:57:15,378 [INFO] HSI: 二次尝试恢复 —— 旧日 2 / 新日 1
2025-12-07 01:57:15,382 [INFO] HSI: 个股明细（收盘价/股本/市值）已保存：output\raw_data\per_ticker_details_HSI_2025-11-24_vs_2025-12-07.csv（88 行）
2025-12-07 01:57:15,384 [INFO] HSI: 未获取到价格/股本的股票清单已保存：output\raw_data\missing_HSI_2025-11-24_vs_2025-12-07.csv（4 只）
2025-12-07 01:57:15,385 [INFO] HSI: 缺失(旧日)1 / 缺失(新日)0
2025-12-07 18:36:23,182 [INFO] S&P 500: 开始二次尝试获取首轮失败的个股，共 248 只 ...
2025-12-09 00:31:54,715 [INFO] ==== 开始计算（2025-11-21 vs 2025-12-5）====
2025-12-09 00:31:54,727 [INFO] 加载 S&P 500 名录 ...
2025-12-09 00:31:57,495 [INFO] S&P 500 数量：503
2025-12-09 00:31:57,495 [INFO] 加载 恒生指数 名录（Excel） ...
2025-12-09 00:31:57,758 [INFO] 恒生指数 数量：88
2025-12-09 00:31:57,759 [INFO] 加载 沪深300 名录（Excel）
2025-12-09 00:31:57,771 [INFO] 沪深300 数量：300
2025-12-09 00:31:57,771 [INFO] 计算 标普500 自由流通市值 ...
2025-12-09 00:32:31,785 [INFO] ==== 开始计算（2025-11-21 vs 2025-12-5）====
2025-12-09 00:32:31,787 [INFO] 加载 S&P 500 名录 ...
2025-12-09 00:32:34,259 [INFO] S&P 500 数量：503
2025-12-09 00:32:34,260 [INFO] 加载 恒生指数 名录（Excel） ...
2025-12-09 00:32:34,464 [INFO] 恒生指数 数量：88
2025-12-09 00:32:34,465 [INFO] 加载 沪深300 名录（Excel）
2025-12-09 00:32:34,478 [INFO] 沪深300 数量：300
2025-12-09 00:32:34,478 [INFO] 计算 标普500 自由流通市值 ...
2025-12-09 00:59:01,583 [INFO] S&P 500: 开始二次尝试获取首轮失败的个股，共 4 只 ...
2025-12-09 00:59:14,085 [INFO] S&P 500: 二次尝试恢复 —— 旧日 1 / 新日 1
2025-12-09 00:59:14,099 [INFO] S&P 500: 个股明细（收盘价/股本/市值）已保存：output\raw_data\per_ticker_details_S&P 500_2025-11-21_vs_2025-12-5.csv（503 行）
2025-12-09 00:59:14,102 [INFO] S&P 500: 未获取到价格/股本的股票清单已保存：output\raw_data\missing_S&P 500_2025-11-21_vs_2025-12-5.csv（4 只）
2025-12-09 00:59:14,103 [INFO] S&P 500: 缺失(旧日)1 / 缺失(新日)2
2025-12-09 00:59:14,103 [INFO] 计算 恒生指数 自由流通市值 ...
2025-12-09 01:03:52,749 [INFO] HSI: 开始二次尝试获取首轮失败的个股，共 2 只 ...
2025-12-09 01:03:58,241 [INFO] HSI: 二次尝试恢复 —— 旧日 2 / 新日 2
2025-12-09 01:03:58,245 [INFO] HSI: 个股明细（收盘价/股本/市值）已保存：output\raw_data\per_ticker_details_HSI_2025-11-21_vs_2025-12-5.csv（88 行）
2025-12-09 01:03:58,248 [INFO] HSI: 未获取到价格/股本的股票清单已保存：output\raw_data\missing_HSI_2025-11-21_vs_2025-12-5.csv（2 只）
2025-12-09 01:03:58,248 [INFO] HSI: 缺失(旧日)0 / 缺失(新日)0
2025-12-09 01:03:58,249 [INFO] 计算 沪深300 自由流通市值 ...
2025-12-09 01:14:40,014 [INFO] HS300: 个股明细（收盘价/股本/市值）已保存：output\raw_data\per_ticker_details_HS300_2025-11-21_vs_2025-12-5.csv（300 行）
2025-12-09 01:14:40,015 [INFO] HS300: 缺失(旧日)0 / 缺失(新日)0
2025-12-09 01:14:40,017 [INFO] 结果已保存：output\raw_data\index_freefloat_caps_2025-11-21_vs_2025-12-5.json
2025-12-09 01:14:40,018 [INFO] 日志文件：output\raw_data\index_freefloat_cap.log
2026-01-06 00:43:18,143 [INFO] S&P 500: 开始二次尝试获取首轮失败的个股，共 10 只 ...
2026-01-06 00:44:02,388 [INFO] S&P 500: 二次尝试恢复 —— 旧日 5 / 新日 7
2026-01-06 00:44:02,395 [INFO] S&P 500: 个股明细（收盘价/股本/市值）已保存：output\raw_data\per_ticker_details_S&P 500_2025-12-21_vs_2026-01-03.csv（503 行）
2026-01-06 00:44:02,397 [INFO] S&P 500: 未获取到价格/股本的股票清单已保存：output\raw_data\missing_S&P 500_2025-12-21_vs_2026-01-03.csv（10 只）
2026-01-06 00:44:02,397 [INFO] S&P 500: 缺失(旧日)3 / 缺失(新日)3
2026-01-06 01:03:00,885 [INFO] HS300: 开始二次尝试获取首轮失败的个股，共 2 只 ...
2026-01-06 01:03:08,616 [INFO] HS300: 二次尝试恢复 —— 旧日 2 / 新日 1
2026-01-06 01:03:08,620 [INFO] HS300: 个股明细（收盘价/股本/市值）已保存：output\raw_data\per_ticker_details_HS300_2025-12-21_vs_2026-01-03.csv（300 行）
2026-01-06 01:03:08,621 [INFO] HS300: 未获取到价格/股本的股票清单已保存：output\raw_data\missing_HS300_2025-12-21_vs_2026-01-03.csv（2 只）
2026-01-06 01:03:08,622 [INFO] HS300: 缺失(旧日)0 / 缺失(新日)0
2026-01-06 01:07:22,938 [INFO] HSI: 个股明细（收盘价/股本/市值）已保存：output\raw_data\per_ticker_details_HSI_2025-12-21_vs_2026-01-03.csv（88 行）
2026-01-06 01:07:22,938 [INFO] HSI: 缺失(旧日)0 / 缺失(新日)0
2026-04-12 17:07:47,344 [INFO] S&P 500: 个股明细（收盘价/股本/市值）已保存：output\raw_data\per_ticker_details_S&P 500_2026-03-30_vs_2026-04-12.csv（503 行）
2026-04-12 17:07:47,346 [INFO] S&P 500: 缺失(旧日)0 / 缺失(新日)0
2026-04-12 17:18:45,736 [INFO] HS300: 个股明细（收盘价/股本/市值）已保存：output\raw_data\per_ticker_details_HS300_2026-03-30_vs_2026-04-12.csv（300 行）
2026-04-12 17:18:45,738 [INFO] HS300: 缺失(旧日)0 / 缺失(新日)0
2026-04-12 17:21:54,063 [INFO] HSI: 个股明细（收盘价/股本/市值）已保存：output\raw_data\per_ticker_details_HSI_2026-03-30_vs_2026-04-12.csv（90 行）
2026-04-12 17:21:54,064 [INFO] HSI: 缺失(旧日)0 / 缺失(新日)0
