2025-09-01 15:36:59,640 - DEBUG - 加载上海金基准价失败：Unalignable boolean Series provided as indexer (index of the boolean Series and of the indexed object do not match).
2025-09-01 15:37:00,153 - DEBUG - 
===== GLD | 黄金ETF =====
2025-09-01 15:37:00,153 - DEBUG - [收盘] 结束日期: 2025-08-29  当前收盘: 318.070007
2025-09-01 15:37:00,154 - DEBUG - [短期] 起止日期: 2025-07-29 -> 2025-08-29
2025-09-01 15:37:00,154 - DEBUG - [短期] 首末价: 306.250000 -> 318.070007  总收益R = 0.038596
2025-09-01 15:37:00,154 - DEBUG - [短期] 交易日数N = 24  年化指数k = 252/N = 10.500000
2025-09-01 15:37:00,154 - DEBUG - [短期] 年化收益率 = (1+R)^k - 1 = (1+0.038596)^10.500000 - 1 = 0.488297  -> 48.8297%
2025-09-01 15:37:00,154 - DEBUG - [短期] 日波动率 = std(daily returns) = 0.008158
2025-09-01 15:37:00,154 - DEBUG - [短期] 年化波动率 = 日波动率 * sqrt(252) = 0.008158 * 15.874508 = 0.129500  -> 12.9500%
2025-09-01 15:37:00,154 - DEBUG - [短期] Sharpe = (年化收益率 - 0.045) / 年化波动率 = (0.488297 - 0.045) / 0.129500 = 3.423143
2025-09-01 15:37:00,155 - DEBUG - [中期] 起止日期: 2024-08-29 -> 2025-08-29
2025-09-01 15:37:00,155 - DEBUG - [中期] 首末价: 232.949997 -> 318.070007  总收益R = 0.365400
2025-09-01 15:37:00,155 - DEBUG - [中期] 交易日数N = 251  年化指数k = 252/N = 1.003984
2025-09-01 15:37:00,155 - DEBUG - [中期] 年化收益率 = (1+R)^k - 1 = (1+0.365400)^1.003984 - 1 = 0.367096  -> 36.7096%
2025-09-01 15:37:00,155 - DEBUG - [中期] 日波动率 = std(daily returns) = 0.010959
2025-09-01 15:37:00,155 - DEBUG - [中期] 年化波动率 = 日波动率 * sqrt(252) = 0.010959 * 15.874508 = 0.173964  -> 17.3964%
2025-09-01 15:37:00,155 - DEBUG - [中期] Sharpe = (年化收益率 - 0.045) / 年化波动率 = (0.367096 - 0.045) / 0.173964 = 1.851505
2025-09-01 15:37:00,155 - DEBUG - [长期] 起止日期: 2020-08-31 -> 2025-08-29
2025-09-01 15:37:00,155 - DEBUG - [长期] 首末价: 184.830002 -> 318.070007  总收益R = 0.720879
2025-09-01 15:37:00,155 - DEBUG - [长期] 交易日数N = 1256  年化指数k = 252/N = 0.200637
2025-09-01 15:37:00,155 - DEBUG - [长期] 年化收益率 = (1+R)^k - 1 = (1+0.720879)^0.200637 - 1 = 0.115065  -> 11.5065%
2025-09-01 15:37:00,155 - DEBUG - [长期] 日波动率 = std(daily returns) = 0.009476
2025-09-01 15:37:00,155 - DEBUG - [长期] 年化波动率 = 日波动率 * sqrt(252) = 0.009476 * 15.874508 = 0.150434  -> 15.0434%
2025-09-01 15:37:00,155 - DEBUG - [长期] Sharpe = (年化收益率 - 0.045) / 年化波动率 = (0.115065 - 0.045) / 0.150434 = 0.465753
2025-09-01 15:37:00,158 - DEBUG - 
===== CL=F | 原油期货 =====
2025-09-01 15:37:00,158 - DEBUG - [收盘] 结束日期: 2025-09-01  当前收盘: 64.330002
2025-09-01 15:37:00,158 - DEBUG - [短期] 起止日期: 2025-08-01 -> 2025-09-01
2025-09-01 15:37:00,159 - DEBUG - [短期] 首末价: 67.330002 -> 64.330002  总收益R = -0.044557
2025-09-01 15:37:00,159 - DEBUG - [短期] 交易日数N = 22  年化指数k = 252/N = 11.454545
2025-09-01 15:37:00,159 - DEBUG - [短期] 年化收益率 = (1+R)^k - 1 = (1+-0.044557)^11.454545 - 1 = -0.406724  -> -40.6724%
2025-09-01 15:37:00,159 - DEBUG - [短期] 日波动率 = std(daily returns) = 0.014011
2025-09-01 15:37:00,159 - DEBUG - [短期] 年化波动率 = 日波动率 * sqrt(252) = 0.014011 * 15.874508 = 0.222417  -> 22.2417%
2025-09-01 15:37:00,159 - DEBUG - [短期] Sharpe = (年化收益率 - 0.045) / 年化波动率 = (-0.406724 - 0.045) / 0.222417 = -2.030980
2025-09-01 15:37:00,159 - DEBUG - [中期] 起止日期: 2024-09-03 -> 2025-09-01
2025-09-01 15:37:00,159 - DEBUG - [中期] 首末价: 70.339996 -> 64.330002  总收益R = -0.085442
2025-09-01 15:37:00,159 - DEBUG - [中期] 交易日数N = 252  年化指数k = 252/N = 1.000000
2025-09-01 15:37:00,159 - DEBUG - [中期] 年化收益率 = (1+R)^k - 1 = (1+-0.085442)^1.000000 - 1 = -0.085442  -> -8.5442%
2025-09-01 15:37:00,159 - DEBUG - [中期] 日波动率 = std(daily returns) = 0.021135
2025-09-01 15:37:00,159 - DEBUG - [中期] 年化波动率 = 日波动率 * sqrt(252) = 0.021135 * 15.874508 = 0.335506  -> 33.5506%
2025-09-01 15:37:00,159 - DEBUG - [中期] Sharpe = (年化收益率 - 0.045) / 年化波动率 = (-0.085442 - 0.045) / 0.335506 = -0.388792
2025-09-01 15:37:00,159 - DEBUG - [长期] 起止日期: 2020-09-01 -> 2025-09-01
2025-09-01 15:37:00,159 - DEBUG - [长期] 首末价: 42.759998 -> 64.330002  总收益R = 0.504444
2025-09-01 15:37:00,159 - DEBUG - [长期] 交易日数N = 1258  年化指数k = 252/N = 0.200318
2025-09-01 15:37:00,160 - DEBUG - [长期] 年化收益率 = (1+R)^k - 1 = (1+0.504444)^0.200318 - 1 = 0.085254  -> 8.5254%
2025-09-01 15:37:00,160 - DEBUG - [长期] 日波动率 = std(daily returns) = 0.023319
2025-09-01 15:37:00,160 - DEBUG - [长期] 年化波动率 = 日波动率 * sqrt(252) = 0.023319 * 15.874508 = 0.370172  -> 37.0172%
2025-09-01 15:37:00,160 - DEBUG - [长期] Sharpe = (年化收益率 - 0.045) / 年化波动率 = (0.085254 - 0.045) / 0.370172 = 0.108745
2025-09-01 15:37:00,162 - DEBUG - 
===== HG=F | 铜期货 =====
2025-09-01 15:37:00,162 - DEBUG - [收盘] 结束日期: 2025-09-01  当前收盘: 4.601500
2025-09-01 15:37:00,162 - DEBUG - [短期] 起止日期: 2025-08-01 -> 2025-09-01
2025-09-01 15:37:00,162 - DEBUG - [短期] 首末价: 4.412500 -> 4.601500  总收益R = 0.042833
2025-09-01 15:37:00,162 - DEBUG - [短期] 交易日数N = 22  年化指数k = 252/N = 11.454545
2025-09-01 15:37:00,162 - DEBUG - [短期] 年化收益率 = (1+R)^k - 1 = (1+0.042833)^11.454545 - 1 = 0.616744  -> 61.6744%
2025-09-01 15:37:00,162 - DEBUG - [短期] 日波动率 = std(daily returns) = 0.009833
2025-09-01 15:37:00,162 - DEBUG - [短期] 年化波动率 = 日波动率 * sqrt(252) = 0.009833 * 15.874508 = 0.156098  -> 15.6098%
2025-09-01 15:37:00,162 - DEBUG - [短期] Sharpe = (年化收益率 - 0.045) / 年化波动率 = (0.616744 - 0.045) / 0.156098 = 3.662728
2025-09-01 15:37:00,163 - DEBUG - [中期] 起止日期: 2024-09-03 -> 2025-09-01
2025-09-01 15:37:00,163 - DEBUG - [中期] 首末价: 4.032000 -> 4.601500  总收益R = 0.141245
2025-09-01 15:37:00,163 - DEBUG - [中期] 交易日数N = 252  年化指数k = 252/N = 1.000000
2025-09-01 15:37:00,163 - DEBUG - [中期] 年化收益率 = (1+R)^k - 1 = (1+0.141245)^1.000000 - 1 = 0.141245  -> 14.1245%
2025-09-01 15:37:00,163 - DEBUG - [中期] 日波动率 = std(daily returns) = 0.023045
2025-09-01 15:37:00,163 - DEBUG - [中期] 年化波动率 = 日波动率 * sqrt(252) = 0.023045 * 15.874508 = 0.365826  -> 36.5826%
2025-09-01 15:37:00,163 - DEBUG - [中期] Sharpe = (年化收益率 - 0.045) / 年化波动率 = (0.141245 - 0.045) / 0.365826 = 0.263090
2025-09-01 15:37:00,163 - DEBUG - [长期] 起止日期: 2020-09-01 -> 2025-09-01
2025-09-01 15:37:00,163 - DEBUG - [长期] 首末价: 3.009500 -> 4.601500  总收益R = 0.528992
2025-09-01 15:37:00,163 - DEBUG - [长期] 交易日数N = 1259  年化指数k = 252/N = 0.200159
2025-09-01 15:37:00,163 - DEBUG - [长期] 年化收益率 = (1+R)^k - 1 = (1+0.528992)^0.200159 - 1 = 0.088705  -> 8.8705%
2025-09-01 15:37:00,163 - DEBUG - [长期] 日波动率 = std(daily returns) = 0.017148
2025-09-01 15:37:00,163 - DEBUG - [长期] 年化波动率 = 日波动率 * sqrt(252) = 0.017148 * 15.874508 = 0.272216  -> 27.2216%
2025-09-01 15:37:00,163 - DEBUG - [长期] Sharpe = (年化收益率 - 0.045) / 年化波动率 = (0.088705 - 0.045) / 0.272216 = 0.160553
2025-09-01 15:45:09,752 - DEBUG - 
===== GLD | 黄金ETF =====
2025-09-01 15:45:09,752 - DEBUG - [Close] 结束日期: 2025-08-29  当前值: 318.070007
2025-09-01 15:45:09,753 - DEBUG - [短期] 起止: 2025-07-29 -> 2025-08-29  首末: 306.250000->318.070007  R=0.038596
2025-09-01 15:45:09,753 - DEBUG - [短期] N=23 k=10.956522  ann_ret=0.514251  ann_vol=0.132363  sharpe=3.545180
2025-09-01 15:45:09,754 - DEBUG - [中期] 起止: 2024-08-29 -> 2025-08-29  首末: 232.949997->318.070007  R=0.365400
2025-09-01 15:45:09,754 - DEBUG - [中期] N=250 k=1.008000  ann_ret=0.368807  ann_vol=0.174270  sharpe=1.858075
2025-09-01 15:45:09,755 - DEBUG - [长期] 起止: 2020-08-31 -> 2025-08-29  首末: 184.830002->318.070007  R=0.720879
2025-09-01 15:45:09,755 - DEBUG - [长期] N=1255 k=0.200797  ann_ret=0.115162  ann_vol=0.150492  sharpe=0.466218
2025-09-01 15:45:09,757 - DEBUG - 
===== CL=F | 原油期货 =====
2025-09-01 15:45:09,757 - DEBUG - [Close] 结束日期: 2025-09-01  当前值: 64.370003
2025-09-01 15:45:09,758 - DEBUG - [短期] 起止: 2025-08-01 -> 2025-09-01  首末: 67.330002->64.370003  R=-0.043963
2025-09-01 15:45:09,758 - DEBUG - [短期] N=21 k=12.000000  ann_ret=-0.416959  ann_vol=0.209916  sharpe=-2.200682
2025-09-01 15:45:09,759 - DEBUG - [中期] 起止: 2024-09-03 -> 2025-09-01  首末: 70.339996->64.370003  R=-0.084873
2025-09-01 15:45:09,759 - DEBUG - [中期] N=251 k=1.003984  ann_ret=-0.085197  ann_vol=0.333348  sharpe=-0.390573
2025-09-01 15:45:09,759 - DEBUG - [长期] 起止: 2020-09-01 -> 2025-09-01  首末: 42.759998->64.370003  R=0.505379
2025-09-01 15:45:09,759 - DEBUG - [长期] N=1257 k=0.200477  ann_ret=0.085460  ann_vol=0.370318  sharpe=0.109258
2025-09-01 15:45:09,762 - DEBUG - 
===== HG=F | 铜期货 =====
2025-09-01 15:45:09,762 - DEBUG - [Close] 结束日期: 2025-09-01  当前值: 4.597500
2025-09-01 15:45:09,763 - DEBUG - [短期] 起止: 2025-08-01 -> 2025-09-01  首末: 4.412500->4.597500  R=0.041926
2025-09-01 15:45:09,763 - DEBUG - [短期] N=21 k=12.000000  ann_ret=0.636983  ann_vol=0.147639  sharpe=4.009678
2025-09-01 15:45:09,763 - DEBUG - [中期] 起止: 2024-09-03 -> 2025-09-01  首末: 4.032000->4.597500  R=0.140253
2025-09-01 15:45:09,763 - DEBUG - [中期] N=251 k=1.003984  ann_ret=0.140849  ann_vol=0.365435  sharpe=0.262289
2025-09-01 15:45:09,764 - DEBUG - [长期] 起止: 2020-09-01 -> 2025-09-01  首末: 3.009500->4.597500  R=0.527662
2025-09-01 15:45:09,764 - DEBUG - [长期] N=1258 k=0.200318  ann_ret=0.088589  ann_vol=0.272270  sharpe=0.160095
2025-09-01 15:45:09,767 - DEBUG - 
===== GLD | 上海金基准价 =====
2025-09-01 15:45:09,767 - DEBUG - [晚盘价] 结束日期: 2025-08-28  当前值: 782.170000
2025-09-01 15:45:09,767 - DEBUG - [短期] 起止: 2025-07-28 -> 2025-08-28  首末: 767.850000->782.170000  R=0.018649
2025-09-01 15:45:09,767 - DEBUG - [短期] N=23 k=10.956522  ann_ret=0.224401  ann_vol=0.071598  sharpe=2.505656
2025-09-01 15:45:09,768 - DEBUG - [中期] 起止: 2024-08-28 -> 2025-08-28  首末: 574.160000->782.170000  R=0.362286
2025-09-01 15:45:09,768 - DEBUG - [中期] N=242 k=1.041322  ann_ret=0.379801  ann_vol=0.150701  sharpe=2.221632
2025-09-01 15:45:09,769 - DEBUG - [长期] 起止: 2020-08-30 -> 2025-08-28  首末: 419.140000->782.170000  R=0.866131
2025-09-01 15:45:09,769 - DEBUG - [长期] N=1213 k=0.207749  ann_ret=0.138382  ann_vol=0.126022  sharpe=0.741000
2025-09-01 15:51:04,071 - DEBUG - 
===== GLD | 黄金ETF =====
2025-09-01 15:51:04,072 - DEBUG - [Close] 结束日期: 2025-08-29  当前值: 318.070007
2025-09-01 15:51:04,072 - DEBUG - [短期] 起止: 2025-07-29 -> 2025-08-29  首末: 306.250000->318.070007  R=0.038596
2025-09-01 15:51:04,072 - DEBUG - [短期] N=23 k=10.956522  ann_ret=0.514251  ann_vol=0.132363  sharpe=3.545180
2025-09-01 15:51:04,073 - DEBUG - [中期] 起止: 2024-08-29 -> 2025-08-29  首末: 232.949997->318.070007  R=0.365400
2025-09-01 15:51:04,073 - DEBUG - [中期] N=250 k=1.008000  ann_ret=0.368807  ann_vol=0.174270  sharpe=1.858075
2025-09-01 15:51:04,073 - DEBUG - [长期] 起止: 2020-08-31 -> 2025-08-29  首末: 184.830002->318.070007  R=0.720879
2025-09-01 15:51:04,073 - DEBUG - [长期] N=1255 k=0.200797  ann_ret=0.115162  ann_vol=0.150492  sharpe=0.466218
2025-09-01 15:51:04,075 - DEBUG - 
===== CL=F | 原油期货 =====
2025-09-01 15:51:04,075 - DEBUG - [Close] 结束日期: 2025-09-01  当前值: 64.370003
2025-09-01 15:51:04,076 - DEBUG - [短期] 起止: 2025-08-01 -> 2025-09-01  首末: 67.330002->64.370003  R=-0.043963
2025-09-01 15:51:04,076 - DEBUG - [短期] N=21 k=12.000000  ann_ret=-0.416959  ann_vol=0.209916  sharpe=-2.200682
2025-09-01 15:51:04,077 - DEBUG - [中期] 起止: 2024-09-03 -> 2025-09-01  首末: 70.339996->64.370003  R=-0.084873
2025-09-01 15:51:04,077 - DEBUG - [中期] N=251 k=1.003984  ann_ret=-0.085197  ann_vol=0.333348  sharpe=-0.390573
2025-09-01 15:51:04,077 - DEBUG - [长期] 起止: 2020-09-01 -> 2025-09-01  首末: 42.759998->64.370003  R=0.505379
2025-09-01 15:51:04,077 - DEBUG - [长期] N=1257 k=0.200477  ann_ret=0.085460  ann_vol=0.370318  sharpe=0.109258
2025-09-01 15:51:04,080 - DEBUG - 
===== HG=F | 铜期货 =====
2025-09-01 15:51:04,080 - DEBUG - [Close] 结束日期: 2025-09-01  当前值: 4.599500
2025-09-01 15:51:04,081 - DEBUG - [短期] 起止: 2025-08-01 -> 2025-09-01  首末: 4.412500->4.599500  R=0.042380
2025-09-01 15:51:04,081 - DEBUG - [短期] N=21 k=12.000000  ann_ret=0.645550  ann_vol=0.148230  sharpe=4.051467
2025-09-01 15:51:04,082 - DEBUG - [中期] 起止: 2024-09-03 -> 2025-09-01  首末: 4.032000->4.599500  R=0.140749
2025-09-01 15:51:04,082 - DEBUG - [中期] N=251 k=1.003984  ann_ret=0.141348  ann_vol=0.365455  sharpe=0.263637
2025-09-01 15:51:04,082 - DEBUG - [长期] 起止: 2020-09-01 -> 2025-09-01  首末: 3.009500->4.599500  R=0.528327
2025-09-01 15:51:04,082 - DEBUG - [长期] N=1258 k=0.200318  ann_ret=0.088684  ann_vol=0.272275  sharpe=0.160440
2025-09-01 15:51:04,084 - DEBUG - 
===== GLD | 上海金基准价（晚盘价） =====
2025-09-01 15:51:04,084 - DEBUG - [晚盘价] 结束日期: 2025-08-28  当前值: 782.170000
2025-09-01 15:51:04,084 - DEBUG - [短期] 起止: 2025-07-28 -> 2025-08-28  首末: 767.850000->782.170000  R=0.018649
2025-09-01 15:51:04,084 - DEBUG - [短期] N=23 k=10.956522  ann_ret=0.224401  ann_vol=0.071598  sharpe=2.505656
2025-09-01 15:51:04,085 - DEBUG - [中期] 起止: 2024-08-28 -> 2025-08-28  首末: 574.160000->782.170000  R=0.362286
2025-09-01 15:51:04,085 - DEBUG - [中期] N=242 k=1.041322  ann_ret=0.379801  ann_vol=0.150701  sharpe=2.221632
2025-09-01 15:51:04,085 - DEBUG - [长期] 起止: 2020-08-30 -> 2025-08-28  首末: 419.140000->782.170000  R=0.866131
2025-09-01 15:51:04,085 - DEBUG - [长期] N=1213 k=0.207749  ann_ret=0.138382  ann_vol=0.126022  sharpe=0.741000
2025-09-01 15:51:15,001 - DEBUG - 
===== GLD | 黄金ETF =====
2025-09-01 15:51:15,001 - DEBUG - [Close] 结束日期: 2025-08-29  当前值: 318.070007
2025-09-01 15:51:15,002 - DEBUG - [短期] 起止: 2025-07-29 -> 2025-08-29  首末: 306.250000->318.070007  R=0.038596
2025-09-01 15:51:15,002 - DEBUG - [短期] N=23 k=10.956522  ann_ret=0.514251  ann_vol=0.132363  sharpe=3.545180
2025-09-01 15:51:15,002 - DEBUG - [中期] 起止: 2024-08-29 -> 2025-08-29  首末: 232.949997->318.070007  R=0.365400
2025-09-01 15:51:15,002 - DEBUG - [中期] N=250 k=1.008000  ann_ret=0.368807  ann_vol=0.174270  sharpe=1.858075
2025-09-01 15:51:15,003 - DEBUG - [长期] 起止: 2020-08-31 -> 2025-08-29  首末: 184.830002->318.070007  R=0.720879
2025-09-01 15:51:15,003 - DEBUG - [长期] N=1255 k=0.200797  ann_ret=0.115162  ann_vol=0.150492  sharpe=0.466218
2025-09-01 15:51:15,005 - DEBUG - 
===== CL=F | 原油期货 =====
2025-09-01 15:51:15,005 - DEBUG - [Close] 结束日期: 2025-09-01  当前值: 64.370003
2025-09-01 15:51:15,006 - DEBUG - [短期] 起止: 2025-08-01 -> 2025-09-01  首末: 67.330002->64.370003  R=-0.043963
2025-09-01 15:51:15,006 - DEBUG - [短期] N=21 k=12.000000  ann_ret=-0.416959  ann_vol=0.209916  sharpe=-2.200682
2025-09-01 15:51:15,006 - DEBUG - [中期] 起止: 2024-09-03 -> 2025-09-01  首末: 70.339996->64.370003  R=-0.084873
2025-09-01 15:51:15,006 - DEBUG - [中期] N=251 k=1.003984  ann_ret=-0.085197  ann_vol=0.333348  sharpe=-0.390573
2025-09-01 15:51:15,007 - DEBUG - [长期] 起止: 2020-09-01 -> 2025-09-01  首末: 42.759998->64.370003  R=0.505379
2025-09-01 15:51:15,007 - DEBUG - [长期] N=1257 k=0.200477  ann_ret=0.085460  ann_vol=0.370318  sharpe=0.109258
2025-09-01 15:51:15,009 - DEBUG - 
===== HG=F | 铜期货 =====
2025-09-01 15:51:15,009 - DEBUG - [Close] 结束日期: 2025-09-01  当前值: 4.599500
2025-09-01 15:51:15,009 - DEBUG - [短期] 起止: 2025-08-01 -> 2025-09-01  首末: 4.412500->4.599500  R=0.042380
2025-09-01 15:51:15,009 - DEBUG - [短期] N=21 k=12.000000  ann_ret=0.645550  ann_vol=0.148230  sharpe=4.051467
2025-09-01 15:51:15,010 - DEBUG - [中期] 起止: 2024-09-03 -> 2025-09-01  首末: 4.032000->4.599500  R=0.140749
2025-09-01 15:51:15,010 - DEBUG - [中期] N=251 k=1.003984  ann_ret=0.141348  ann_vol=0.365455  sharpe=0.263637
2025-09-01 15:51:15,010 - DEBUG - [长期] 起止: 2020-09-01 -> 2025-09-01  首末: 3.009500->4.599500  R=0.528327
2025-09-01 15:51:15,010 - DEBUG - [长期] N=1258 k=0.200318  ann_ret=0.088684  ann_vol=0.272275  sharpe=0.160440
2025-09-01 15:51:15,012 - DEBUG - 
===== GLD | 上海金基准价（晚盘价） =====
2025-09-01 15:51:15,012 - DEBUG - [晚盘价] 结束日期: 2025-08-28  当前值: 782.170000
2025-09-01 15:51:15,012 - DEBUG - [短期] 起止: 2025-07-28 -> 2025-08-28  首末: 767.850000->782.170000  R=0.018649
2025-09-01 15:51:15,012 - DEBUG - [短期] N=23 k=10.956522  ann_ret=0.224401  ann_vol=0.071598  sharpe=2.505656
2025-09-01 15:51:15,013 - DEBUG - [中期] 起止: 2024-08-28 -> 2025-08-28  首末: 574.160000->782.170000  R=0.362286
2025-09-01 15:51:15,013 - DEBUG - [中期] N=242 k=1.041322  ann_ret=0.379801  ann_vol=0.150701  sharpe=2.221632
2025-09-01 15:51:15,013 - DEBUG - [长期] 起止: 2020-08-30 -> 2025-08-28  首末: 419.140000->782.170000  R=0.866131
2025-09-01 15:51:15,013 - DEBUG - [长期] N=1213 k=0.207749  ann_ret=0.138382  ann_vol=0.126022  sharpe=0.741000
2025-09-01 15:56:10,569 - DEBUG - 
===== GLD | 黄金ETF =====
2025-09-01 15:56:10,569 - DEBUG - [Close] 结束日期: 2025-08-29  当前值: 318.070007
2025-09-01 15:56:10,571 - DEBUG - [短期] 起止: 2025-07-29 -> 2025-08-29  首末: 306.250000->318.070007  R=0.038596
2025-09-01 15:56:10,571 - DEBUG - [短期] N=23 k=10.956522  ann_ret=0.514251  ann_vol=0.132363  sharpe=3.545180
2025-09-01 15:56:10,572 - DEBUG - [中期] 起止: 2024-08-29 -> 2025-08-29  首末: 232.949997->318.070007  R=0.365400
2025-09-01 15:56:10,572 - DEBUG - [中期] N=250 k=1.008000  ann_ret=0.368807  ann_vol=0.174270  sharpe=1.858075
2025-09-01 15:56:10,573 - DEBUG - [长期] 起止: 2020-08-31 -> 2025-08-29  首末: 184.830002->318.070007  R=0.720879
2025-09-01 15:56:10,574 - DEBUG - [长期] N=1255 k=0.200797  ann_ret=0.115162  ann_vol=0.150492  sharpe=0.466218
2025-09-01 15:56:10,577 - DEBUG - 
===== CL=F | 原油期货 =====
2025-09-01 15:56:10,578 - DEBUG - [Close] 结束日期: 2025-09-01  当前值: 64.400002
2025-09-01 15:56:10,578 - DEBUG - [短期] 起止: 2025-08-01 -> 2025-09-01  首末: 67.330002->64.400002  R=-0.043517
2025-09-01 15:56:10,578 - DEBUG - [短期] N=21 k=12.000000  ann_ret=-0.413690  ann_vol=0.210139  sharpe=-2.182799
2025-09-01 15:56:10,579 - DEBUG - [中期] 起止: 2024-09-03 -> 2025-09-01  首末: 70.339996->64.400002  R=-0.084447
2025-09-01 15:56:10,579 - DEBUG - [中期] N=251 k=1.003984  ann_ret=-0.084769  ann_vol=0.333356  sharpe=-0.389279
2025-09-01 15:56:10,579 - DEBUG - [长期] 起止: 2020-09-01 -> 2025-09-01  首末: 42.759998->64.400002  R=0.506081
2025-09-01 15:56:10,579 - DEBUG - [长期] N=1257 k=0.200477  ann_ret=0.085562  ann_vol=0.370320  sharpe=0.109532
2025-09-01 15:56:10,581 - DEBUG - 
===== HG=F | 铜期货 =====
2025-09-01 15:56:10,581 - DEBUG - [Close] 结束日期: 2025-09-01  当前值: 4.604000
2025-09-01 15:56:10,582 - DEBUG - [短期] 起止: 2025-08-01 -> 2025-09-01  首末: 4.412500->4.604000  R=0.043399
2025-09-01 15:56:10,582 - DEBUG - [短期] N=21 k=12.000000  ann_ret=0.664974  ann_vol=0.149611  sharpe=4.143915
2025-09-01 15:56:10,582 - DEBUG - [中期] 起止: 2024-09-03 -> 2025-09-01  首末: 4.032000->4.604000  R=0.141865
2025-09-01 15:56:10,582 - DEBUG - [中期] N=251 k=1.003984  ann_ret=0.142469  ann_vol=0.365504  sharpe=0.266670
2025-09-01 15:56:10,582 - DEBUG - [长期] 起止: 2020-09-01 -> 2025-09-01  首末: 3.009500->4.604000  R=0.529822
2025-09-01 15:56:10,583 - DEBUG - [长期] N=1258 k=0.200318  ann_ret=0.088897  ann_vol=0.272289  sharpe=0.161216
2025-09-01 15:56:10,584 - DEBUG - 
===== GLD | 上海金基准价（晚盘价） =====
2025-09-01 15:56:10,584 - DEBUG - [晚盘价] 结束日期: 2025-08-28  当前值: 782.170000
2025-09-01 15:56:10,584 - DEBUG - [短期] 起止: 2025-07-28 -> 2025-08-28  首末: 767.850000->782.170000  R=0.018649
2025-09-01 15:56:10,585 - DEBUG - [短期] N=23 k=10.956522  ann_ret=0.224401  ann_vol=0.071598  sharpe=2.505656
2025-09-01 15:56:10,585 - DEBUG - [中期] 起止: 2024-08-28 -> 2025-08-28  首末: 574.160000->782.170000  R=0.362286
2025-09-01 15:56:10,585 - DEBUG - [中期] N=242 k=1.041322  ann_ret=0.379801  ann_vol=0.150701  sharpe=2.221632
2025-09-01 15:56:10,585 - DEBUG - [长期] 起止: 2020-08-30 -> 2025-08-28  首末: 419.140000->782.170000  R=0.866131
2025-09-01 15:56:10,585 - DEBUG - [长期] N=1213 k=0.207749  ann_ret=0.138382  ann_vol=0.126022  sharpe=0.741000
2025-09-28 17:07:04,469 - DEBUG - 
===== GLD | 黄金ETF =====
2025-09-28 17:07:04,471 - DEBUG - [Close] 结束日期: 2025-09-26  当前值: 346.739990
2025-09-28 17:07:04,475 - DEBUG - [短期] 起止: 2025-08-26 -> 2025-09-26  首末: 312.079987->346.739990  R=0.111061
2025-09-28 17:07:04,477 - DEBUG - [短期] N=22 k=11.454545  ann_ret=2.341244  ann_vol=0.127766  sharpe=17.972198
2025-09-28 17:07:04,479 - DEBUG - [中期] 起止: 2024-09-26 -> 2025-09-26  首末: 246.979996->346.739990  R=0.403919
2025-09-28 17:07:04,480 - DEBUG - [中期] N=250 k=1.008000  ann_ret=0.407735  ann_vol=0.175092  sharpe=2.071678
2025-09-28 17:07:04,482 - DEBUG - [长期] 起止: 2020-09-28 -> 2025-09-26  首末: 176.699997->346.739990  R=0.962309
2025-09-28 17:07:04,483 - DEBUG - [长期] N=1255 k=0.200797  ann_ret=0.144951  ann_vol=0.150559  sharpe=0.663862
2025-09-28 17:07:04,486 - DEBUG - 
===== CL=F | 原油期货 =====
2025-09-28 17:07:04,487 - DEBUG - [Close] 结束日期: 2025-09-26  当前值: 65.720001
2025-09-28 17:07:04,489 - DEBUG - [短期] 起止: 2025-08-26 -> 2025-09-26  首末: 63.250000->65.720001  R=0.039051
2025-09-28 17:07:04,490 - DEBUG - [短期] N=22 k=11.454545  ann_ret=0.550849  ann_vol=0.236185  sharpe=2.141752
2025-09-28 17:07:04,491 - DEBUG - [中期] 起止: 2024-09-26 -> 2025-09-26  首末: 67.669998->65.720001  R=-0.028816
2025-09-28 17:07:04,492 - DEBUG - [中期] N=252 k=1.000000  ann_ret=-0.028816  ann_vol=0.328374  sharpe=-0.224794
2025-09-28 17:07:04,494 - DEBUG - [长期] 起止: 2020-09-28 -> 2025-09-26  首末: 40.599998->65.720001  R=0.618719
2025-09-28 17:07:04,496 - DEBUG - [长期] N=1257 k=0.200477  ann_ret=0.101372  ann_vol=0.367263  sharpe=0.153493
2025-09-28 17:07:04,500 - DEBUG - 
===== HG=F | 铜期货 =====
2025-09-28 17:07:04,501 - DEBUG - [Close] 结束日期: 2025-09-26  当前值: 4.771500
2025-09-28 17:07:04,502 - DEBUG - [短期] 起止: 2025-08-26 -> 2025-09-26  首末: 4.450500->4.771500  R=0.072127
2025-09-28 17:07:04,503 - DEBUG - [短期] N=22 k=11.454545  ann_ret=1.220525  ann_vol=0.186250  sharpe=6.311536
2025-09-28 17:07:04,504 - DEBUG - [中期] 起止: 2024-09-26 -> 2025-09-26  首末: 4.581000->4.771500  R=0.041585
2025-09-28 17:07:04,506 - DEBUG - [中期] N=252 k=1.000000  ann_ret=0.041585  ann_vol=0.363094  sharpe=-0.009406
2025-09-28 17:07:04,507 - DEBUG - [长期] 起止: 2020-09-28 -> 2025-09-26  首末: 2.989500->4.771500  R=0.596086
2025-09-28 17:07:04,509 - DEBUG - [长期] N=1258 k=0.200318  ann_ret=0.098186  ann_vol=0.271830  sharpe=0.195659
2025-09-28 17:07:04,512 - DEBUG - 
===== GLD | 上海金基准价（晚盘价） =====
2025-09-28 17:07:04,513 - DEBUG - [晚盘价] 结束日期: 2025-09-24  当前值: 850.680000
2025-09-28 17:07:04,515 - DEBUG - [短期] 起止: 2025-08-24 -> 2025-09-24  首末: 775.890000->850.680000  R=0.096393
2025-09-28 17:07:04,515 - DEBUG - [短期] N=23 k=10.956522  ann_ret=1.740874  ann_vol=0.124461  sharpe=13.625705
2025-09-28 17:07:04,517 - DEBUG - [中期] 起止: 2024-09-24 -> 2025-09-24  首末: 596.260000->850.680000  R=0.426693
2025-09-28 17:07:04,518 - DEBUG - [中期] N=244 k=1.032787  ann_ret=0.443413  ann_vol=0.153060  sharpe=2.602981
2025-09-28 17:07:04,520 - DEBUG - [长期] 起止: 2020-09-24 -> 2025-09-24  首末: 399.790000->850.680000  R=1.127817
2025-09-28 17:07:04,522 - DEBUG - [长期] N=1213 k=0.207749  ann_ret=0.169845  ann_vol=0.125912  sharpe=0.991525
2025-09-30 16:35:42,973 - DEBUG - 
===== GLD | 黄金ETF =====
2025-09-30 16:35:42,981 - DEBUG - [Close] 结束日期: 2025-09-29  当前值: 352.459991
2025-09-30 16:35:42,984 - DEBUG - [短期] 起止: 2025-08-29 -> 2025-09-29  首末: 318.070007->352.459991  R=0.108121
2025-09-30 16:35:42,984 - DEBUG - [短期] N=20 k=12.600000  ann_ret=2.645840  ann_vol=0.138971  sharpe=18.714958
2025-09-30 16:35:42,987 - DEBUG - [中期] 起止: 2024-09-30 -> 2025-09-29  首末: 243.059998->352.459991  R=0.450095
2025-09-30 16:35:42,987 - DEBUG - [中期] N=249 k=1.012048  ann_ret=0.456602  ann_vol=0.175580  sharpe=2.344245
2025-09-30 16:35:42,989 - DEBUG - [长期] 起止: 2020-09-29 -> 2025-09-29  首末: 178.190002->352.459991  R=0.978001
2025-09-30 16:35:42,989 - DEBUG - [长期] N=1255 k=0.200797  ann_ret=0.146783  ann_vol=0.150687  sharpe=0.675461
2025-09-30 16:35:42,996 - DEBUG - 
===== CL=F | 原油期货 =====
2025-09-30 16:35:42,997 - DEBUG - [Close] 结束日期: 2025-09-30  当前值: 62.669998
2025-09-30 16:35:42,999 - DEBUG - [短期] 起止: 2025-09-02 -> 2025-09-30  首末: 65.589996->62.669998  R=-0.044519
2025-09-30 16:35:42,999 - DEBUG - [短期] N=20 k=12.600000  ann_ret=-0.436624  ann_vol=0.258324  sharpe=-1.864423
2025-09-30 16:35:43,002 - DEBUG - [中期] 起止: 2024-09-30 -> 2025-09-30  首末: 68.169998->62.669998  R=-0.080681
2025-09-30 16:35:43,003 - DEBUG - [中期] N=252 k=1.000000  ann_ret=-0.080681  ann_vol=0.330334  sharpe=-0.380465
2025-09-30 16:35:43,006 - DEBUG - [长期] 起止: 2020-09-30 -> 2025-09-30  首末: 40.220001->62.669998  R=0.558180
2025-09-30 16:35:43,006 - DEBUG - [长期] N=1257 k=0.200477  ann_ret=0.092988  ann_vol=0.367206  sharpe=0.130684
2025-09-30 16:35:43,014 - DEBUG - 
===== HG=F | 铜期货 =====
2025-09-30 16:35:43,014 - DEBUG - [Close] 结束日期: 2025-09-30  当前值: 4.881500
2025-09-30 16:35:43,015 - DEBUG - [短期] 起止: 2025-09-02 -> 2025-09-30  首末: 4.569500->4.881500  R=0.068279
2025-09-30 16:35:43,016 - DEBUG - [短期] N=20 k=12.600000  ann_ret=1.298401  ann_vol=0.198884  sharpe=6.302187
2025-09-30 16:35:43,018 - DEBUG - [中期] 起止: 2024-09-30 -> 2025-09-30  首末: 4.496000->4.881500  R=0.085743
2025-09-30 16:35:43,019 - DEBUG - [中期] N=252 k=1.000000  ann_ret=0.085743  ann_vol=0.363564  sharpe=0.112065
2025-09-30 16:35:43,021 - DEBUG - [长期] 起止: 2020-09-30 -> 2025-09-30  首末: 3.028500->4.881500  R=0.611854
2025-09-30 16:35:43,021 - DEBUG - [长期] N=1258 k=0.200318  ann_ret=0.100351  ann_vol=0.271946  sharpe=0.203535
2025-09-30 16:35:43,026 - DEBUG - 
===== GLD | 上海金基准价（晚盘价） =====
2025-09-30 16:35:43,027 - DEBUG - [晚盘价] 结束日期: 2025-09-28  当前值: 862.340000
2025-09-30 16:35:43,030 - DEBUG - [短期] 起止: 2025-08-28 -> 2025-09-28  首末: 782.170000->862.340000  R=0.102497
2025-09-30 16:35:43,030 - DEBUG - [短期] N=21 k=12.000000  ann_ret=2.224991  ann_vol=0.132164  sharpe=16.494626
2025-09-30 16:35:43,033 - DEBUG - [中期] 起止: 2024-09-29 -> 2025-09-28  首末: 594.570000->862.340000  R=0.450359
2025-09-30 16:35:43,033 - DEBUG - [中期] N=243 k=1.037037  ann_ret=0.470470  ann_vol=0.153574  sharpe=2.770461
2025-09-30 16:35:43,036 - DEBUG - [长期] 起止: 2020-09-28 -> 2025-09-28  首末: 403.860000->862.340000  R=1.135245
2025-09-30 16:35:43,037 - DEBUG - [长期] N=1213 k=0.207749  ann_ret=0.170692  ann_vol=0.125876  sharpe=0.998533
2025-09-30 16:37:37,364 - DEBUG - 
===== GLD | 黄金ETF =====
2025-09-30 16:37:37,365 - DEBUG - [Close] 结束日期: 2025-09-29  当前值: 352.459991
2025-09-30 16:37:37,367 - DEBUG - [短期] 起止: 2025-08-29 -> 2025-09-29  首末: 318.070007->352.459991  R=0.108121
2025-09-30 16:37:37,368 - DEBUG - [短期] N=20 k=12.600000  ann_ret=2.645840  ann_vol=0.138971  sharpe=18.714958
2025-09-30 16:37:37,370 - DEBUG - [中期] 起止: 2024-09-30 -> 2025-09-29  首末: 243.059998->352.459991  R=0.450095
2025-09-30 16:37:37,371 - DEBUG - [中期] N=249 k=1.012048  ann_ret=0.456602  ann_vol=0.175580  sharpe=2.344245
2025-09-30 16:37:37,373 - DEBUG - [长期] 起止: 2020-09-29 -> 2025-09-29  首末: 178.190002->352.459991  R=0.978001
2025-09-30 16:37:37,374 - DEBUG - [长期] N=1255 k=0.200797  ann_ret=0.146783  ann_vol=0.150687  sharpe=0.675461
2025-09-30 16:37:37,382 - DEBUG - 
===== CL=F | 原油期货 =====
2025-09-30 16:37:37,382 - DEBUG - [Close] 结束日期: 2025-09-30  当前值: 62.650002
2025-09-30 16:37:37,384 - DEBUG - [短期] 起止: 2025-09-02 -> 2025-09-30  首末: 65.589996->62.650002  R=-0.044824
2025-09-30 16:37:37,384 - DEBUG - [短期] N=20 k=12.600000  ann_ret=-0.438885  ann_vol=0.258490  sharpe=-1.871968
2025-09-30 16:37:37,386 - DEBUG - [中期] 起止: 2024-09-30 -> 2025-09-30  首末: 68.169998->62.650002  R=-0.080974
2025-09-30 16:37:37,387 - DEBUG - [中期] N=252 k=1.000000  ann_ret=-0.080974  ann_vol=0.330346  sharpe=-0.381340
2025-09-30 16:37:37,388 - DEBUG - [长期] 起止: 2020-09-30 -> 2025-09-30  首末: 40.220001->62.650002  R=0.557683
2025-09-30 16:37:37,389 - DEBUG - [长期] N=1257 k=0.200477  ann_ret=0.092918  ann_vol=0.367209  sharpe=0.130493
2025-09-30 16:37:37,395 - DEBUG - 
===== HG=F | 铜期货 =====
2025-09-30 16:37:37,395 - DEBUG - [Close] 结束日期: 2025-09-30  当前值: 4.882000
2025-09-30 16:37:37,397 - DEBUG - [短期] 起止: 2025-09-02 -> 2025-09-30  首末: 4.569500->4.882000  R=0.068388
2025-09-30 16:37:37,397 - DEBUG - [短期] N=20 k=12.600000  ann_ret=1.301371  ann_vol=0.198918  sharpe=6.316016
2025-09-30 16:37:37,399 - DEBUG - [中期] 起止: 2024-09-30 -> 2025-09-30  首末: 4.496000->4.882000  R=0.085854
2025-09-30 16:37:37,399 - DEBUG - [中期] N=252 k=1.000000  ann_ret=0.085854  ann_vol=0.363566  sharpe=0.112371
2025-09-30 16:37:37,401 - DEBUG - [长期] 起止: 2020-09-30 -> 2025-09-30  首末: 3.028500->4.882000  R=0.612019
2025-09-30 16:37:37,401 - DEBUG - [长期] N=1258 k=0.200318  ann_ret=0.100373  ann_vol=0.271947  sharpe=0.203618
2025-09-30 16:37:37,405 - DEBUG - 
===== GLD | 上海金基准价（晚盘价） =====
2025-09-30 16:37:37,406 - DEBUG - [晚盘价] 结束日期: 2025-09-28  当前值: 862.340000
2025-09-30 16:37:37,407 - DEBUG - [短期] 起止: 2025-08-28 -> 2025-09-28  首末: 782.170000->862.340000  R=0.102497
2025-09-30 16:37:37,408 - DEBUG - [短期] N=21 k=12.000000  ann_ret=2.224991  ann_vol=0.132164  sharpe=16.494626
2025-09-30 16:37:37,409 - DEBUG - [中期] 起止: 2024-09-29 -> 2025-09-28  首末: 594.570000->862.340000  R=0.450359
2025-09-30 16:37:37,409 - DEBUG - [中期] N=243 k=1.037037  ann_ret=0.470470  ann_vol=0.153574  sharpe=2.770461
2025-09-30 16:37:37,411 - DEBUG - [长期] 起止: 2020-09-28 -> 2025-09-28  首末: 403.860000->862.340000  R=1.135245
2025-09-30 16:37:37,411 - DEBUG - [长期] N=1213 k=0.207749  ann_ret=0.170692  ann_vol=0.125876  sharpe=0.998533
2025-10-11 21:47:50,965 - DEBUG - 
===== GLD | 黄金ETF =====
2025-10-11 21:47:50,967 - DEBUG - [Close] 结束日期: 2025-10-10  当前值: 369.119995
2025-10-11 21:47:50,969 - DEBUG - [短期] 起止: 2025-09-10 -> 2025-10-10  首末: 335.260010->369.119995  R=0.100996
2025-10-11 21:47:50,971 - DEBUG - [短期] N=22 k=11.454545  ann_ret=2.010493  ann_vol=0.148802  sharpe=13.208799
2025-10-11 21:47:50,974 - DEBUG - [中期] 起止: 2024-10-10 -> 2025-10-10  首末: 242.820007->369.119995  R=0.520138
2025-10-11 21:47:50,975 - DEBUG - [中期] N=250 k=1.008000  ann_ret=0.525240  ann_vol=0.177608  sharpe=2.703937
2025-10-11 21:47:50,977 - DEBUG - [长期] 起止: 2020-10-12 -> 2025-10-10  首末: 180.559998->369.119995  R=1.044307
2025-10-11 21:47:50,977 - DEBUG - [长期] N=1255 k=0.200797  ann_ret=0.154401  ann_vol=0.151073  sharpe=0.724161
2025-10-11 21:47:50,981 - DEBUG - 
===== CL=F | 原油期货 =====
2025-10-11 21:47:50,992 - DEBUG - [Close] 结束日期: 2025-10-10  当前值: 58.900002
2025-10-11 21:47:50,994 - DEBUG - [短期] 起止: 2025-09-10 -> 2025-10-10  首末: 63.669998->58.900002  R=-0.074917
2025-10-11 21:47:50,995 - DEBUG - [短期] N=22 k=11.454545  ann_ret=-0.590162  ann_vol=0.276126  sharpe=-2.300260
2025-10-11 21:47:50,996 - DEBUG - [中期] 起止: 2024-10-10 -> 2025-10-10  首末: 75.849998->58.900002  R=-0.223467
2025-10-11 21:47:50,997 - DEBUG - [中期] N=252 k=1.000000  ann_ret=-0.223467  ann_vol=0.322394  sharpe=-0.832730
2025-10-11 21:47:51,001 - DEBUG - [长期] 起止: 2020-10-12 -> 2025-10-10  首末: 39.430000->58.900002  R=0.493786
2025-10-11 21:47:51,002 - DEBUG - [长期] N=1257 k=0.200477  ann_ret=0.083779  ann_vol=0.365245  sharpe=0.106174
2025-10-11 21:47:51,009 - DEBUG - 
===== HG=F | 铜期货 =====
2025-10-11 21:47:51,011 - DEBUG - [Close] 结束日期: 2025-10-10  当前值: 4.848500
2025-10-11 21:47:51,012 - DEBUG - [短期] 起止: 2025-09-10 -> 2025-10-10  首末: 4.550000->4.848500  R=0.065604
2025-10-11 21:47:51,014 - DEBUG - [短期] N=22 k=11.454545  ann_ret=1.070614  ann_vol=0.274774  sharpe=3.732571
2025-10-11 21:47:51,015 - DEBUG - [中期] 起止: 2024-10-10 -> 2025-10-10  首末: 4.385000->4.848500  R=0.105701
2025-10-11 21:47:51,016 - DEBUG - [中期] N=252 k=1.000000  ann_ret=0.105701  ann_vol=0.366538  sharpe=0.165607
2025-10-11 21:47:51,018 - DEBUG - [长期] 起止: 2020-10-12 -> 2025-10-10  首末: 3.061000->4.848500  R=0.583959
2025-10-11 21:47:51,018 - DEBUG - [长期] N=1258 k=0.200318  ann_ret=0.096509  ann_vol=0.271333  sharpe=0.189838
2025-10-11 21:47:51,022 - DEBUG - 
===== GLD | 上海金基准价（晚盘价） =====
2025-10-11 21:47:51,023 - DEBUG - [晚盘价] 结束日期: 2025-10-08  当前值: 911.330000
2025-10-11 21:47:51,024 - DEBUG - [短期] 起止: 2025-09-08 -> 2025-10-08  首末: 831.080000->911.330000  R=0.096561
2025-10-11 21:47:51,025 - DEBUG - [短期] N=16 k=15.750000  ann_ret=3.270878  ann_vol=0.210321  sharpe=15.337899
2025-10-11 21:47:51,027 - DEBUG - [中期] 起止: 2024-10-08 -> 2025-10-08  首末: 586.760000->911.330000  R=0.553156
2025-10-11 21:47:51,029 - DEBUG - [中期] N=243 k=1.037037  ann_ret=0.578691  ann_vol=0.159381  sharpe=3.348528
2025-10-11 21:47:51,031 - DEBUG - [长期] 起止: 2020-10-08 -> 2025-10-08  首末: 404.180000->911.330000  R=1.254763
2025-10-11 21:47:51,032 - DEBUG - [长期] N=1213 k=0.207749  ann_ret=0.184013  ann_vol=0.127560  sharpe=1.089788
2025-10-29 10:09:35,410 - DEBUG - 
===== GLD | 黄金ETF =====
2025-10-29 10:09:35,422 - DEBUG - [Close] 结束日期: 2025-10-28  当前值: 364.380005
2025-10-29 10:09:35,427 - DEBUG - [短期] 起止: 2025-09-29 -> 2025-10-28  首末: 352.459991->364.380005  R=0.033819
2025-10-29 10:09:35,429 - DEBUG - [短期] N=21 k=12.000000  ann_ret=0.490516  ann_vol=0.342898  sharpe=1.299268
2025-10-29 10:09:35,431 - DEBUG - [中期] 起止: 2024-10-28 -> 2025-10-28  首末: 253.330002->364.380005  R=0.438361
2025-10-29 10:09:35,432 - DEBUG - [中期] N=250 k=1.008000  ann_ret=0.442550  ann_vol=0.198306  sharpe=2.004729
2025-10-29 10:09:35,433 - DEBUG - [长期] 起止: 2020-10-28 -> 2025-10-28  首末: 176.130005->364.380005  R=1.068813
2025-10-29 10:09:35,434 - DEBUG - [长期] N=1255 k=0.200797  ann_ret=0.157166  ann_vol=0.155920  sharpe=0.719384
2025-10-29 10:09:35,438 - DEBUG - 
===== CL=F | 原油期货 =====
2025-10-29 10:09:35,439 - DEBUG - [Close] 结束日期: 2025-10-28  当前值: 60.330002
2025-10-29 10:09:35,440 - DEBUG - [短期] 起止: 2025-09-29 -> 2025-10-28  首末: 63.450001->60.330002  R=-0.049173
2025-10-29 10:09:35,441 - DEBUG - [短期] N=21 k=12.000000  ann_ret=-0.453965  ann_vol=0.303981  sharpe=-1.641436
2025-10-29 10:09:35,443 - DEBUG - [中期] 起止: 2024-10-28 -> 2025-10-28  首末: 67.379997->60.330002  R=-0.104630
2025-10-29 10:09:35,444 - DEBUG - [中期] N=252 k=1.000000  ann_ret=-0.104630  ann_vol=0.315862  sharpe=-0.473720
2025-10-29 10:09:35,446 - DEBUG - [长期] 起止: 2020-10-28 -> 2025-10-28  首末: 37.389999->60.330002  R=0.613533
2025-10-29 10:09:35,448 - DEBUG - [长期] N=1257 k=0.200477  ann_ret=0.100664  ann_vol=0.364259  sharpe=0.152814
2025-10-29 10:09:35,452 - DEBUG - 
===== HG=F | 铜期货 =====
2025-10-29 10:09:35,453 - DEBUG - [Close] 结束日期: 2025-10-28  当前值: 5.171000
2025-10-29 10:09:35,455 - DEBUG - [短期] 起止: 2025-09-29 -> 2025-10-28  首末: 4.841000->5.171000  R=0.068168
2025-10-29 10:09:35,456 - DEBUG - [短期] N=21 k=12.000000  ann_ret=1.206345  ann_vol=0.315799  sharpe=3.677480
2025-10-29 10:09:35,457 - DEBUG - [中期] 起止: 2024-10-28 -> 2025-10-28  首末: 4.332000->5.171000  R=0.193675
2025-10-29 10:09:35,458 - DEBUG - [中期] N=252 k=1.000000  ann_ret=0.193675  ann_vol=0.370503  sharpe=0.401279
2025-10-29 10:09:35,460 - DEBUG - [长期] 起止: 2020-10-28 -> 2025-10-28  首末: 3.057000->5.171000  R=0.691528
2025-10-29 10:09:35,461 - DEBUG - [长期] N=1258 k=0.200318  ann_ret=0.111037  ann_vol=0.272413  sharpe=0.242414
2025-10-29 10:09:35,465 - DEBUG - 
===== GLD | 上海金基准价（晚盘价） =====
2025-10-29 10:09:35,466 - DEBUG - [晚盘价] 结束日期: 2025-10-26  当前值: 932.580000
2025-10-29 10:09:35,467 - DEBUG - [短期] 起止: 2025-09-28 -> 2025-10-26  首末: 862.340000->932.580000  R=0.081453
2025-10-29 10:09:35,468 - DEBUG - [短期] N=14 k=18.000000  ann_ret=3.093890  ann_vol=0.379417  sharpe=8.035716
2025-10-29 10:09:35,470 - DEBUG - [中期] 起止: 2024-10-27 -> 2025-10-26  首末: 625.280000->932.580000  R=0.491460
2025-10-29 10:09:35,471 - DEBUG - [中期] N=242 k=1.041322  ann_ret=0.516302  ann_vol=0.175805  sharpe=2.680815
2025-10-29 10:09:35,473 - DEBUG - [长期] 起止: 2020-10-26 -> 2025-10-26  首末: 404.280000->932.580000  R=1.306768
2025-10-29 10:09:35,474 - DEBUG - [长期] N=1213 k=0.207749  ann_ret=0.189635  ann_vol=0.131824  sharpe=1.097185
2025-11-09 14:55:41,755 - DEBUG - 
===== GLD | 黄金ETF =====
2025-11-09 14:55:41,767 - DEBUG - [Close] 结束日期: 2025-11-07  当前值: 368.309998
2025-11-09 14:55:41,769 - DEBUG - [短期] 起止: 2025-10-07 -> 2025-11-07  首末: 366.260010->368.309998  R=0.005597
2025-11-09 14:55:41,770 - DEBUG - [短期] N=23 k=10.956522  ann_ret=0.063062  ann_vol=0.334602  sharpe=0.053981
2025-11-09 14:55:41,771 - DEBUG - [中期] 起止: 2024-11-07 -> 2025-11-07  首末: 249.649994->368.309998  R=0.475305
2025-11-09 14:55:41,772 - DEBUG - [中期] N=250 k=1.008000  ann_ret=0.479902  ann_vol=0.196353  sharpe=2.214903
2025-11-09 14:55:41,774 - DEBUG - [长期] 起止: 2020-11-09 -> 2025-11-07  首末: 175.080002->368.309998  R=1.103667
2025-11-09 14:55:41,774 - DEBUG - [长期] N=1255 k=0.200797  ann_ret=0.161055  ann_vol=0.154780  sharpe=0.749806
2025-11-09 14:55:41,778 - DEBUG - 
===== CL=F | 原油期货 =====
2025-11-09 14:55:41,778 - DEBUG - [Close] 结束日期: 2025-11-07  当前值: 59.750000
2025-11-09 14:55:41,779 - DEBUG - [短期] 起止: 2025-10-07 -> 2025-11-07  首末: 61.730000->59.750000  R=-0.032075
2025-11-09 14:55:41,779 - DEBUG - [短期] N=23 k=10.956522  ann_ret=-0.300362  ann_vol=0.280976  sharpe=-1.229148
2025-11-09 14:55:41,780 - DEBUG - [中期] 起止: 2024-11-07 -> 2025-11-07  首末: 72.360001->59.750000  R=-0.174268
2025-11-09 14:55:41,781 - DEBUG - [中期] N=252 k=1.000000  ann_ret=-0.174268  ann_vol=0.314203  sharpe=-0.697853
2025-11-09 14:55:41,782 - DEBUG - [长期] 起止: 2020-11-09 -> 2025-11-07  首末: 40.290001->59.750000  R=0.482998
2025-11-09 14:55:41,782 - DEBUG - [长期] N=1257 k=0.200477  ann_ret=0.082206  ann_vol=0.360792  sharpe=0.103122
2025-11-09 14:55:41,785 - DEBUG - 
===== HG=F | 铜期货 =====
2025-11-09 14:55:41,785 - DEBUG - [Close] 结束日期: 2025-11-07  当前值: 4.957000
2025-11-09 14:55:41,786 - DEBUG - [短期] 起止: 2025-10-07 -> 2025-11-07  首末: 5.048000->4.957000  R=-0.018027
2025-11-09 14:55:41,786 - DEBUG - [短期] N=23 k=10.956522  ann_ret=-0.180708  ann_vol=0.308164  sharpe=-0.732429
2025-11-09 14:55:41,787 - DEBUG - [中期] 起止: 2024-11-07 -> 2025-11-07  首末: 4.410000->4.957000  R=0.124036
2025-11-09 14:55:41,788 - DEBUG - [中期] N=252 k=1.000000  ann_ret=0.124036  ann_vol=0.366409  sharpe=0.215705
2025-11-09 14:55:41,789 - DEBUG - [长期] 起止: 2020-11-09 -> 2025-11-07  首末: 3.151500->4.957000  R=0.572902
2025-11-09 14:55:41,789 - DEBUG - [长期] N=1258 k=0.200318  ann_ret=0.094972  ann_vol=0.272989  sharpe=0.183054
2025-11-09 14:55:41,792 - DEBUG - 
===== GLD | 上海金基准价（晚盘价） =====
2025-11-09 14:55:41,792 - DEBUG - [晚盘价] 结束日期: 2025-11-05  当前值: 916.450000
2025-11-09 14:55:41,793 - DEBUG - [短期] 起止: 2025-10-08 -> 2025-11-05  首末: 911.330000->916.450000  R=0.005618
2025-11-09 14:55:41,793 - DEBUG - [短期] N=20 k=12.600000  ann_ret=0.073142  ann_vol=0.313896  sharpe=0.089654
2025-11-09 14:55:41,794 - DEBUG - [中期] 起止: 2024-11-05 -> 2025-11-05  首末: 623.240000->916.450000  R=0.470461
2025-11-09 14:55:41,794 - DEBUG - [中期] N=243 k=1.037037  ann_ret=0.491611  ann_vol=0.179451  sharpe=2.488759
2025-11-09 14:55:41,795 - DEBUG - [长期] 起止: 2020-11-05 -> 2025-11-05  首末: 407.150000->916.450000  R=1.250890
2025-11-09 14:55:41,796 - DEBUG - [长期] N=1213 k=0.207749  ann_ret=0.183590  ann_vol=0.132815  sharpe=1.043486
2025-12-06 20:47:19,082 - DEBUG - 
===== GLD | 黄金ETF =====
2025-12-06 20:47:19,084 - DEBUG - [Close] 结束日期: 2025-12-05  当前值: 386.440002
2025-12-06 20:47:19,085 - DEBUG - [短期] 起止: 2025-11-05 -> 2025-12-05  首末: 366.510010->386.440002  R=0.054378
2025-12-06 20:47:19,086 - DEBUG - [短期] N=21 k=12.000000  ann_ret=0.887795  ann_vol=0.160384  sharpe=5.254860
2025-12-06 20:47:19,087 - DEBUG - [中期] 起止: 2024-12-05 -> 2025-12-05  首末: 242.860001->386.440002  R=0.591205
2025-12-06 20:47:19,087 - DEBUG - [中期] N=250 k=1.008000  ann_ret=0.597129  ann_vol=0.194501  sharpe=2.838694
2025-12-06 20:47:19,088 - DEBUG - [长期] 起止: 2020-12-07 -> 2025-12-05  首末: 174.889999->386.440002  R=1.209617
2025-12-06 20:47:19,089 - DEBUG - [长期] N=1255 k=0.200797  ann_ret=0.172567  ann_vol=0.155002  sharpe=0.823006
2025-12-06 20:47:19,093 - DEBUG - 
===== CL=F | 原油期货 =====
2025-12-06 20:47:19,093 - DEBUG - [Close] 结束日期: 2025-12-05  当前值: 60.080002
2025-12-06 20:47:19,094 - DEBUG - [短期] 起止: 2025-11-05 -> 2025-12-05  首末: 59.599998->60.080002  R=0.008054
2025-12-06 20:47:19,095 - DEBUG - [短期] N=21 k=12.000000  ann_ret=0.101043  ann_vol=0.244182  sharpe=0.229513
2025-12-06 20:47:19,097 - DEBUG - [中期] 起止: 2024-12-05 -> 2025-12-05  首末: 68.300003->60.080002  R=-0.120351
2025-12-06 20:47:19,097 - DEBUG - [中期] N=252 k=1.000000  ann_ret=-0.120351  ann_vol=0.311461  sharpe=-0.530890
2025-12-06 20:47:19,098 - DEBUG - [长期] 起止: 2020-12-07 -> 2025-12-05  首末: 45.759998->60.080002  R=0.312937
2025-12-06 20:47:19,099 - DEBUG - [长期] N=1257 k=0.200477  ann_ret=0.056100  ann_vol=0.360451  sharpe=0.030796
2025-12-06 20:47:19,102 - DEBUG - 
===== HG=F | 铜期货 =====
2025-12-06 20:47:19,103 - DEBUG - [Close] 结束日期: 2025-12-05  当前值: 5.382000
2025-12-06 20:47:19,104 - DEBUG - [短期] 起止: 2025-11-05 -> 2025-12-05  首末: 4.963000->5.382000  R=0.084425
2025-12-06 20:47:19,104 - DEBUG - [短期] N=21 k=12.000000  ann_ret=1.644802  ann_vol=0.204536  sharpe=7.821630
2025-12-06 20:47:19,105 - DEBUG - [中期] 起止: 2024-12-05 -> 2025-12-05  首末: 4.135000->5.382000  R=0.301572
2025-12-06 20:47:19,105 - DEBUG - [中期] N=252 k=1.000000  ann_ret=0.301572  ann_vol=0.367269  sharpe=0.698593
2025-12-06 20:47:19,107 - DEBUG - [长期] 起止: 2020-12-07 -> 2025-12-05  首末: 3.508500->5.382000  R=0.533989
2025-12-06 20:47:19,107 - DEBUG - [长期] N=1258 k=0.200318  ann_ret=0.089491  ann_vol=0.273402  sharpe=0.162730
2025-12-06 20:47:19,112 - DEBUG - 
===== GLD | 上海金基准价（晚盘价） =====
2025-12-06 20:47:19,113 - DEBUG - [晚盘价] 结束日期: 2025-12-03  当前值: 948.630000
2025-12-06 20:47:19,115 - DEBUG - [短期] 起止: 2025-11-03 -> 2025-12-03  首末: 913.540000->948.630000  R=0.038411
2025-12-06 20:47:19,116 - DEBUG - [短期] N=22 k=11.454545  ann_ret=0.539936  ann_vol=0.172702  sharpe=2.865838
2025-12-06 20:47:19,117 - DEBUG - [中期] 起止: 2024-12-03 -> 2025-12-03  首末: 616.150000->948.630000  R=0.539609
2025-12-06 20:47:19,119 - DEBUG - [中期] N=243 k=1.037037  ann_ret=0.564413  ann_vol=0.179131  sharpe=2.899625
2025-12-06 20:47:19,121 - DEBUG - [长期] 起止: 2020-12-03 -> 2025-12-03  首末: 382.080000->948.630000  R=1.482805
2025-12-06 20:47:19,124 - DEBUG - [长期] N=1213 k=0.207749  ann_ret=0.207950  ann_vol=0.132863  sharpe=1.226450
2026-01-06 00:28:26,648 - DEBUG - 
===== GLD | 黄金ETF =====
2026-01-06 00:28:26,649 - DEBUG - [Close] 结束日期: 2026-01-05  当前值: 408.510010
2026-01-06 00:28:26,650 - DEBUG - [短期] 起止: 2025-12-05 -> 2026-01-05  首末: 386.440002->408.510010  R=0.057111
2026-01-06 00:28:26,651 - DEBUG - [短期] N=19 k=13.263158  ann_ret=1.088891  ann_vol=0.224115  sharpe=4.657842
2026-01-06 00:28:26,652 - DEBUG - [中期] 起止: 2025-01-06 -> 2026-01-05  首末: 243.190002->408.510010  R=0.679798
2026-01-06 00:28:26,652 - DEBUG - [中期] N=249 k=1.012048  ann_ret=0.690328  ann_vol=0.199762  sharpe=3.230484
2026-01-06 00:28:26,653 - DEBUG - [长期] 起止: 2021-01-05 -> 2026-01-05  首末: 182.869995->408.510010  R=1.233882
2026-01-06 00:28:26,654 - DEBUG - [长期] N=1255 k=0.200797  ann_ret=0.175142  ann_vol=0.156503  sharpe=0.831559
2026-01-06 00:28:26,657 - DEBUG - 
===== CL=F | 原油期货 =====
2026-01-06 00:28:26,657 - DEBUG - [Close] 结束日期: 2026-01-05  当前值: 58.279999
2026-01-06 00:28:26,658 - DEBUG - [短期] 起止: 2025-12-05 -> 2026-01-05  首末: 60.080002->58.279999  R=-0.029960
2026-01-06 00:28:26,659 - DEBUG - [短期] N=19 k=13.263158  ann_ret=-0.331982  ann_vol=0.239944  sharpe=-1.571121
2026-01-06 00:28:26,660 - DEBUG - [中期] 起止: 2025-01-06 -> 2026-01-05  首末: 73.559998->58.279999  R=-0.207722
2026-01-06 00:28:26,660 - DEBUG - [中期] N=251 k=1.003984  ann_ret=-0.208456  ann_vol=0.313849  sharpe=-0.807574
2026-01-06 00:28:26,661 - DEBUG - [长期] 起止: 2021-01-05 -> 2026-01-05  首末: 49.930000->58.279999  R=0.167234
2026-01-06 00:28:26,662 - DEBUG - [长期] N=1257 k=0.200477  ann_ret=0.031487  ann_vol=0.359970  sharpe=-0.037540
2026-01-06 00:28:26,665 - DEBUG - 
===== HG=F | 铜期货 =====
2026-01-06 00:28:26,665 - DEBUG - [Close] 结束日期: 2026-01-05  当前值: 5.936000
2026-01-06 00:28:26,666 - DEBUG - [短期] 起止: 2025-12-05 -> 2026-01-05  首末: 5.382000->5.936000  R=0.102936
2026-01-06 00:28:26,667 - DEBUG - [短期] N=19 k=13.263158  ann_ret=2.667329  ann_vol=0.406164  sharpe=6.456324
2026-01-06 00:28:26,667 - DEBUG - [中期] 起止: 2025-01-06 -> 2026-01-05  首末: 4.127000->5.936000  R=0.438333
2026-01-06 00:28:26,668 - DEBUG - [中期] N=251 k=1.003984  ann_ret=0.440417  ann_vol=0.381358  sharpe=1.036868
2026-01-06 00:28:26,669 - DEBUG - [长期] 起止: 2021-01-05 -> 2026-01-05  首末: 3.640500->5.936000  R=0.630545
2026-01-06 00:28:26,670 - DEBUG - [长期] N=1258 k=0.200318  ann_ret=0.102895  ann_vol=0.277078  sharpe=0.208947
2026-01-06 00:28:26,672 - DEBUG - 
===== GLD | 上海金基准价（晚盘价） =====
2026-01-06 00:28:26,672 - DEBUG - [晚盘价] 结束日期: 2025-12-30  当前值: 973.330000
2026-01-06 00:28:26,673 - DEBUG - [短期] 起止: 2025-11-30 -> 2025-12-30  首末: 958.000000->973.330000  R=0.016002
2026-01-06 00:28:26,674 - DEBUG - [短期] N=22 k=11.454545  ann_ret=0.199429  ann_vol=0.151648  sharpe=1.018337
2026-01-06 00:28:26,675 - DEBUG - [中期] 起止: 2024-12-30 -> 2025-12-30  首末: 616.260000->973.330000  R=0.579415
2026-01-06 00:28:26,675 - DEBUG - [中期] N=243 k=1.037037  ann_ret=0.606378  ann_vol=0.182778  sharpe=3.071365
2026-01-06 00:28:26,677 - DEBUG - [长期] 起止: 2020-12-30 -> 2025-12-30  首末: 392.560000->973.330000  R=1.479443
2026-01-06 00:28:26,677 - DEBUG - [长期] N=1213 k=0.207749  ann_ret=0.207610  ann_vol=0.133572  sharpe=1.217400
2026-04-12 16:56:28,832 - DEBUG - 
===== GLD | 黄金ETF =====
2026-04-12 16:56:28,842 - DEBUG - [Close] 结束日期: 2026-04-10  当前值: 437.130005
2026-04-12 16:56:28,844 - DEBUG - [短期] 起止: 2026-03-10 -> 2026-04-10  首末: 477.859985->437.130005  R=-0.085234
2026-04-12 16:56:28,844 - DEBUG - [短期] N=22 k=11.454545  ann_ret=-0.639568  ann_vol=0.351116  sharpe=-1.949692
2026-04-12 16:56:28,845 - DEBUG - [中期] 起止: 2025-04-10 -> 2026-04-10  首末: 292.350006->437.130005  R=0.495228
2026-04-12 16:56:28,846 - DEBUG - [中期] N=250 k=1.008000  ann_ret=0.500048  ann_vol=0.274849  sharpe=1.655631
2026-04-12 16:56:28,848 - DEBUG - [长期] 起止: 2021-04-12 -> 2026-04-10  首末: 162.279999->437.130005  R=1.693678
2026-04-12 16:56:28,849 - DEBUG - [长期] N=1255 k=0.200797  ann_ret=0.220147  ann_vol=0.177657  sharpe=0.985872
2026-04-12 16:56:28,851 - DEBUG - 
===== CL=F | 原油期货 =====
2026-04-12 16:56:28,852 - DEBUG - [Close] 结束日期: 2026-04-10  当前值: 96.570000
2026-04-12 16:56:28,853 - DEBUG - [短期] 起止: 2026-03-10 -> 2026-04-10  首末: 83.449997->96.570000  R=0.157220
2026-04-12 16:56:28,853 - DEBUG - [短期] N=22 k=11.454545  ann_ret=4.325990  ann_vol=0.959115  sharpe=4.463482
2026-04-12 16:56:28,854 - DEBUG - [中期] 起止: 2025-04-10 -> 2026-04-10  首末: 60.070000->96.570000  R=0.607624
2026-04-12 16:56:28,855 - DEBUG - [中期] N=251 k=1.003984  ann_ret=0.610668  ann_vol=0.458551  sharpe=1.233598
2026-04-12 16:56:28,856 - DEBUG - [长期] 起止: 2021-04-12 -> 2026-04-10  首末: 59.700001->96.570000  R=0.617588
2026-04-12 16:56:28,857 - DEBUG - [长期] N=1257 k=0.200477  ann_ret=0.101218  ann_vol=0.387961  sharpe=0.144906
2026-04-12 16:56:28,862 - DEBUG - 
===== HG=F | 铜期货 =====
2026-04-12 16:56:28,863 - DEBUG - [Close] 结束日期: 2026-04-10  当前值: 5.886000
2026-04-12 16:56:28,866 - DEBUG - [短期] 起止: 2026-03-10 -> 2026-04-10  首末: 5.904000->5.886000  R=-0.003049
2026-04-12 16:56:28,866 - DEBUG - [短期] N=22 k=11.454545  ann_ret=-0.034370  ann_vol=0.270828  sharpe=-0.293066
2026-04-12 16:56:28,867 - DEBUG - [中期] 起止: 2025-04-10 -> 2026-04-10  首末: 4.321000->5.886000  R=0.362185
2026-04-12 16:56:28,868 - DEBUG - [中期] N=251 k=1.003984  ann_ret=0.363863  ann_vol=0.379034  sharpe=0.841253
2026-04-12 16:56:28,869 - DEBUG - [长期] 起止: 2021-04-12 -> 2026-04-10  首末: 4.030000->5.886000  R=0.460546
2026-04-12 16:56:28,869 - DEBUG - [长期] N=1258 k=0.200318  ann_ret=0.078836  ann_vol=0.280120  sharpe=0.120790
2026-04-12 16:56:28,872 - DEBUG - 
===== GLD | 上海金基准价（晚盘价） =====
2026-04-12 16:56:28,872 - DEBUG - [晚盘价] 结束日期: 2026-04-08  当前值: 1038.520000
2026-04-12 16:56:28,873 - DEBUG - [短期] 起止: 2026-03-08 -> 2026-04-08  首末: 1137.970000->1038.520000  R=-0.087392
2026-04-12 16:56:28,874 - DEBUG - [短期] N=22 k=11.454545  ann_ret=-0.649190  ann_vol=0.473699  sharpe=-1.465467
2026-04-12 16:56:28,875 - DEBUG - [中期] 起止: 2025-04-08 -> 2026-04-08  首末: 726.260000->1038.520000  R=0.429956
2026-04-12 16:56:28,876 - DEBUG - [中期] N=242 k=1.041322  ann_ret=0.451246  ann_vol=0.308450  sharpe=1.317058
2026-04-12 16:56:28,878 - DEBUG - [长期] 起止: 2021-04-08 -> 2026-04-08  首末: 370.570000->1038.520000  R=1.802493
2026-04-12 16:56:28,879 - DEBUG - [长期] N=1211 k=0.208092  ann_ret=0.239169  ann_vol=0.172878  sharpe=1.123160
